D004-q1-diagnostic_removal-HX-CONTRACT VALID
D003-q1-diagnostic_removal-HX-ORIGINAL VALID
D002-q3-diagnostic_removal-HX-CONTRACT VALID
D001-q1-irrelevant_removal-HX-ORIGINAL VALID
D003-q1-irrelevant_removal-HX-PROMPT VALID
D003-q1-irrelevant_removal-HX-ORIGINAL VALID
D004-q1-intact-HX-PROMPT VALID
D001-q3-irrelevant_removal-HX-PROMPT VALID
D006-q3-intact-HX-PROMPT VALID
D002-q2-intact-HX-CONTRACT VALID
D005-q3-diagnostic_removal-HX-CONTRACT VALID
D004-q1-irrelevant_removal-HX-PROMPT VALID
D003-q2-diagnostic_removal-HX-ORIGINAL VALID
D006-q1-irrelevant_removal-HX-PROMPT VALID
D005-q1-intact-HX-CONTRACT VALID
D006-q1-irrelevant_removal-HX-ORIGINAL VALID
D003-q3-intact-HX-ORIGINAL VALID
D006-q1-diagnostic_removal-HX-CONTRACT VALID
D003-q3-diagnostic_removal-HX-CONTRACT VALID
D004-q1-diagnostic_removal-HX-PROMPT VALID
D006-q2-irrelevant_removal-HX-PROMPT VALID
D001-q3-diagnostic_removal-HX-ORIGINAL VALID
D001-q3-irrelevant_removal-HX-CONTRACT VALID
D004-q2-intact-HX-PROMPT VALID
D005-q2-intact-HX-PROMPT VALID
D002-q2-irrelevant_removal-HX-CONTRACT VALID
D004-q2-intact-HX-ORIGINAL VALID
D001-q2-intact-HX-PROMPT VALID
D003-q3-irrelevant_removal-HX-CONTRACT VALID
D004-q2-irrelevant_removal-HX-ORIGINAL VALID
D004-q3-intact-HX-CONTRACT VALID
D002-q1-intact-HX-CONTRACT VALID
D006-q3-intact-HX-ORIGINAL VALID
D006-q1-intact-HX-CONTRACT VALID
D004-q3-intact-HX-ORIGINAL VALID
D003-q1-intact-HX-ORIGINAL VALID
D006-q2-irrelevant_removal-HX-ORIGINAL VALID
D002-q2-intact-HX-PROMPT VALID
D001-q3-intact-HX-ORIGINAL VALID
D006-q2-diagnostic_removal-HX-ORIGINAL VALID
D005-q1-intact-HX-PROMPT VALID
D006-q2-irrelevant_removal-HX-CONTRACT VALID
D003-q2-irrelevant_removal-HX-CONTRACT VALID
D003-q2-intact-HX-CONTRACT VALID
D003-q1-diagnostic_removal-HX-PROMPT VALID
D001-q1-intact-HX-ORIGINAL VALID
D006-q3-irrelevant_removal-HX-CONTRACT VALID
D001-q1-diagnostic_removal-HX-ORIGINAL VALID
D005-q3-diagnostic_removal-HX-PROMPT VALID
D003-q2-irrelevant_removal-HX-ORIGINAL VALID
D002-q2-diagnostic_removal-HX-PROMPT VALID
D001-q1-intact-HX-PROMPT VALID
D003-q3-intact-HX-CONTRACT VALID
D002-q1-diagnostic_removal-HX-ORIGINAL VALID
D004-q2-irrelevant_removal-HX-CONTRACT VALID
D003-q1-intact-HX-CONTRACT VALID
D004-q2-intact-HX-CONTRACT VALID
D005-q1-irrelevant_removal-HX-CONTRACT VALID
D002-q1-irrelevant_removal-HX-CONTRACT VALID
D003-q1-intact-HX-PROMPT VALID
D003-q3-diagnostic_removal-HX-ORIGINAL VALID
D005-q3-intact-HX-CONTRACT VALID
D005-q1-irrelevant_removal-HX-PROMPT VALID
D004-q2-diagnostic_removal-HX-CONTRACT VALID
D004-q3-irrelevant_removal-HX-ORIGINAL VALID
D006-q2-intact-HX-ORIGINAL VALID
D005-q2-irrelevant_removal-HX-ORIGINAL VALID
D003-q2-irrelevant_removal-HX-PROMPT VALID
D002-q2-irrelevant_removal-HX-ORIGINAL VALID
D006-q3-diagnostic_removal-HX-PROMPT VALID
D002-q1-intact-HX-ORIGINAL VALID
D004-q3-irrelevant_removal-HX-CONTRACT VALID
D001-q2-intact-HX-ORIGINAL VALID
D001-q3-intact-HX-CONTRACT VALID
D005-q2-irrelevant_removal-HX-CONTRACT VALID
D001-q3-intact-HX-PROMPT VALID
D005-q3-irrelevant_removal-HX-PROMPT VALID
D004-q1-intact-HX-CONTRACT VALID
D004-q3-diagnostic_removal-HX-CONTRACT VALID
D002-q2-intact-HX-ORIGINAL VALID
D004-q3-diagnostic_removal-HX-PROMPT VALID
D002-q3-irrelevant_removal-HX-CONTRACT VALID
D003-q1-diagnostic_removal-HX-CONTRACT VALID
D004-q2-irrelevant_removal-HX-PROMPT VALID
D001-q2-diagnostic_removal-HX-ORIGINAL VALID
D005-q2-diagnostic_removal-HX-CONTRACT VALID
D001-q2-irrelevant_removal-HX-PROMPT VALID
D004-q2-diagnostic_removal-HX-PROMPT VALID
D002-q3-diagnostic_removal-HX-PROMPT VALID
D004-q1-irrelevant_removal-HX-CONTRACT VALID
D002-q3-irrelevant_removal-HX-ORIGINAL VALID
D004-q3-diagnostic_removal-HX-ORIGINAL VALID
D002-q2-irrelevant_removal-HX-PROMPT VALID
D006-q1-intact-HX-ORIGINAL VALID
D006-q3-diagnostic_removal-HX-ORIGINAL VALID
D001-q1-diagnostic_removal-HX-PROMPT VALID
D006-q3-diagnostic_removal-HX-CONTRACT VALID
D003-q3-diagnostic_removal-HX-PROMPT VALID
D003-q2-intact-HX-ORIGINAL VALID
D001-q2-irrelevant_removal-HX-ORIGINAL VALID
D005-q1-diagnostic_removal-HX-ORIGINAL VALID
D001-q1-irrelevant_removal-HX-PROMPT VALID
D005-q2-intact-HX-CONTRACT VALID
D002-q3-irrelevant_removal-HX-PROMPT VALID
D001-q2-diagnostic_removal-HX-CONTRACT VALID
D003-q3-irrelevant_removal-HX-PROMPT VALID
D003-q3-intact-HX-PROMPT VALID
D006-q3-irrelevant_removal-HX-PROMPT VALID
D005-q1-irrelevant_removal-HX-ORIGINAL VALID
D002-q3-intact-HX-PROMPT VALID
D002-q1-irrelevant_removal-HX-PROMPT VALID
D005-q3-intact-HX-PROMPT VALID
D006-q1-diagnostic_removal-HX-ORIGINAL VALID
D005-q1-diagnostic_removal-HX-CONTRACT VALID
D002-q1-intact-HX-PROMPT VALID
D001-q3-diagnostic_removal-HX-CONTRACT VALID
D001-q2-irrelevant_removal-HX-CONTRACT VALID
D005-q3-irrelevant_removal-HX-ORIGINAL VALID
D006-q2-intact-HX-CONTRACT VALID
D006-q1-intact-HX-PROMPT VALID
D001-q1-irrelevant_removal-HX-CONTRACT VALID
D005-q3-irrelevant_removal-HX-CONTRACT VALID
D003-q2-diagnostic_removal-HX-CONTRACT VALID
D006-q3-irrelevant_removal-HX-ORIGINAL VALID
D004-q2-diagnostic_removal-HX-ORIGINAL VALID
D002-q3-diagnostic_removal-HX-ORIGINAL VALID
D001-q2-intact-HX-CONTRACT VALID
D004-q1-irrelevant_removal-HX-ORIGINAL VALID
D006-q2-intact-HX-PROMPT VALID
D002-q1-irrelevant_removal-HX-ORIGINAL VALID
D003-q3-irrelevant_removal-HX-ORIGINAL VALID
D001-q1-intact-HX-CONTRACT VALID
D001-q3-diagnostic_removal-HX-PROMPT VALID
D005-q2-diagnostic_removal-HX-ORIGINAL VALID
D003-q2-diagnostic_removal-HX-PROMPT VALID
D001-q2-diagnostic_removal-HX-PROMPT VALID
D003-q2-intact-HX-PROMPT VALID
D006-q2-diagnostic_removal-HX-PROMPT VALID
D002-q2-diagnostic_removal-HX-CONTRACT VALID
D006-q1-diagnostic_removal-HX-PROMPT VALID
D004-q1-diagnostic_removal-HX-ORIGINAL VALID
D003-q1-irrelevant_removal-HX-CONTRACT VALID
D004-q3-intact-HX-PROMPT VALID
D006-q3-intact-HX-CONTRACT VALID
D005-q2-irrelevant_removal-HX-PROMPT VALID
D002-q1-diagnostic_removal-HX-CONTRACT VALID
D005-q3-intact-HX-ORIGINAL VALID
D002-q1-diagnostic_removal-HX-PROMPT VALID
D001-q3-irrelevant_removal-HX-ORIGINAL VALID
D002-q3-intact-HX-CONTRACT VALID
D002-q3-intact-HX-ORIGINAL VALID
D005-q1-intact-HX-ORIGINAL VALID
D005-q2-diagnostic_removal-HX-PROMPT VALID
D002-q2-diagnostic_removal-HX-ORIGINAL VALID
D004-q1-intact-HX-ORIGINAL VALID
D006-q2-diagnostic_removal-HX-CONTRACT VALID
D005-q1-diagnostic_removal-HX-PROMPT VALID
D006-q1-irrelevant_removal-HX-CONTRACT VALID
D004-q3-irrelevant_removal-HX-PROMPT VALID
D005-q2-intact-HX-ORIGINAL VALID
D001-q1-diagnostic_removal-HX-CONTRACT VALID
D005-q3-diagnostic_removal-HX-ORIGINAL VALID
