...............
=== src/launch_pal (git) ===
Cloning into '.'...
Note: switching to 'ca8737093de46baf626928e260bd382225ca2e6a'.

You are in 'detached HEAD' state. You can look around, make experimental
changes and commit them, and you can discard any commits you make in this
state without impacting any branches by switching back to a branch.

If you want to create a new branch to retain commits you create, you may
do so (now or later) by using -c with the switch command. Example:

  git switch -c <new-branch-name>

Or undo this operation with:

  git switch -

Turn off this advice by setting config variable advice.detachedHead to false

HEAD is now at ca87370 0.22.1
=== src/pal_gazebo_worlds (git) ===
Cloning into '.'...
Note: switching to '0029fabc9aef3330de422c9dda0a09dd6592a0fb'.

You are in 'detached HEAD' state. You can look around, make experimental
changes and commit them, and you can discard any commits you make in this
state without impacting any branches by switching back to a branch.

If you want to create a new branch to retain commits you create, you may
do so (now or later) by using -c with the switch command. Example:

  git switch -c <new-branch-name>

Or undo this operation with:

  git switch -

Turn off this advice by setting config variable advice.detachedHead to false

HEAD is now at 0029fab 4.16.0
=== src/pal_gripper (git) ===
Cloning into '.'...
Note: switching to '485b535532c04b0ce31a00ad431d99e2714c0d54'.

You are in 'detached HEAD' state. You can look around, make experimental
changes and commit them, and you can discard any commits you make in this
state without impacting any branches by switching back to a branch.

If you want to create a new branch to retain commits you create, you may
do so (now or later) by using -c with the switch command. Example:

  git switch -c <new-branch-name>

Or undo this operation with:

  git switch -

Turn off this advice by setting config variable advice.detachedHead to false

HEAD is now at 485b535 3.6.6
=== src/pal_hey5 (git) ===
Cloning into '.'...
Note: switching to '344de441fa3c378573dd7f6e04dc7ec4f8cb0cab'.

You are in 'detached HEAD' state. You can look around, make experimental
changes and commit them, and you can discard any commits you make in this
state without impacting any branches by switching back to a branch.

If you want to create a new branch to retain commits you create, you may
do so (now or later) by using -c with the switch command. Example:

  git switch -c <new-branch-name>

Or undo this operation with:

  git switch -

Turn off this advice by setting config variable advice.detachedHead to false

HEAD is now at 344de44 Merge branch 'tpe/fix_inertia' into 'humble-devel'
=== src/pal_navigation_cfg_public (git) ===
Cloning into '.'...
Note: switching to '50b2b2f923ffbb9134027412bf3d0a00fcddc5bd'.

You are in 'detached HEAD' state. You can look around, make experimental
changes and commit them, and you can discard any commits you make in this
state without impacting any branches by switching back to a branch.

If you want to create a new branch to retain commits you create, you may
do so (now or later) by using -c with the switch command. Example:

  git switch -c <new-branch-name>

Or undo this operation with:

  git switch -

Turn off this advice by setting config variable advice.detachedHead to false

HEAD is now at 50b2b2f 3.0.6
=== src/pal_robotiq_gripper (git) ===
Cloning into '.'...
Note: switching to '966485faa4c367eb17848deb44d9b7bbb3555605'.

You are in 'detached HEAD' state. You can look around, make experimental
changes and commit them, and you can discard any commits you make in this
state without impacting any branches by switching back to a branch.

If you want to create a new branch to retain commits you create, you may
do so (now or later) by using -c with the switch command. Example:

  git switch -c <new-branch-name>

Or undo this operation with:

  git switch -

Turn off this advice by setting config variable advice.detachedHead to false

HEAD is now at 966485f 2.3.0
=== src/pal_urdf_utils (git) ===
Cloning into '.'...
Note: switching to '171a1fe521e42eaf2b6cff71d5339551feaa0191'.

You are in 'detached HEAD' state. You can look around, make experimental
changes and commit them, and you can discard any commits you make in this
state without impacting any branches by switching back to a branch.

If you want to create a new branch to retain commits you create, you may
do so (now or later) by using -c with the switch command. Example:

  git switch -c <new-branch-name>

Or undo this operation with:

  git switch -

Turn off this advice by setting config variable advice.detachedHead to false

HEAD is now at 171a1fe 2.11.2
=== src/play_motion2 (git) ===
Cloning into '.'...
Note: switching to '5e41e66d7b9adf057b5a6f8bdd3a00d3918993b2'.

You are in 'detached HEAD' state. You can look around, make experimental
changes and commit them, and you can discard any commits you make in this
state without impacting any branches by switching back to a branch.

If you want to create a new branch to retain commits you create, you may
do so (now or later) by using -c with the switch command. Example:

  git switch -c <new-branch-name>

Or undo this operation with:

  git switch -

Turn off this advice by setting config variable advice.detachedHead to false

HEAD is now at 5e41e66 1.8.7
=== src/pmb2_navigation (git) ===
Cloning into '.'...
Note: switching to '9443e0fbff6d25ba8f079053451cca7ede8f50c7'.

You are in 'detached HEAD' state. You can look around, make experimental
changes and commit them, and you can discard any commits you make in this
state without impacting any branches by switching back to a branch.

If you want to create a new branch to retain commits you create, you may
do so (now or later) by using -c with the switch command. Example:

  git switch -c <new-branch-name>

Or undo this operation with:

  git switch -

Turn off this advice by setting config variable advice.detachedHead to false

HEAD is now at 9443e0f 4.25.0
=== src/pmb2_robot (git) ===
Cloning into '.'...
Note: switching to 'e6584136f15356b8f4944c25d70fb8689e3355af'.

You are in 'detached HEAD' state. You can look around, make experimental
changes and commit them, and you can discard any commits you make in this
state without impacting any branches by switching back to a branch.

If you want to create a new branch to retain commits you create, you may
do so (now or later) by using -c with the switch command. Example:

  git switch -c <new-branch-name>

Or undo this operation with:

  git switch -

Turn off this advice by setting config variable advice.detachedHead to false

HEAD is now at e658413 5.12.3
=== src/tiago_moveit_config (git) ===
Cloning into '.'...
Note: switching to 'a71258d5f22f2bd06ead8db78bba8cef7a58962e'.

You are in 'detached HEAD' state. You can look around, make experimental
changes and commit them, and you can discard any commits you make in this
state without impacting any branches by switching back to a branch.

If you want to create a new branch to retain commits you create, you may
do so (now or later) by using -c with the switch command. Example:

  git switch -c <new-branch-name>

Or undo this operation with:

  git switch -

Turn off this advice by setting config variable advice.detachedHead to false

HEAD is now at a71258d Merge branch 'mvi/condition-check-fix' into 'humble-devel'
=== src/tiago_navigation (git) ===
Cloning into '.'...
Note: switching to 'c0314817b6b82b84c840a724d34ae6817e6f60da'.

You are in 'detached HEAD' state. You can look around, make experimental
changes and commit them, and you can discard any commits you make in this
state without impacting any branches by switching back to a branch.

If you want to create a new branch to retain commits you create, you may
do so (now or later) by using -c with the switch command. Example:

  git switch -c <new-branch-name>

Or undo this operation with:

  git switch -

Turn off this advice by setting config variable advice.detachedHead to false

HEAD is now at c031481 4.14.0
=== src/tiago_robot (git) ===
Cloning into '.'...
Note: switching to 'f1c33c92bdde7c1dd79f0c3e739e98a233dbd30b'.

You are in 'detached HEAD' state. You can look around, make experimental
changes and commit them, and you can discard any commits you make in this
state without impacting any branches by switching back to a branch.

If you want to create a new branch to retain commits you create, you may
do so (now or later) by using -c with the switch command. Example:

  git switch -c <new-branch-name>

Or undo this operation with:

  git switch -

Turn off this advice by setting config variable advice.detachedHead to false

HEAD is now at f1c33c9 5.1.3
=== src/tiago_simulation (git) ===
Cloning into '.'...
Note: switching to '43cb13f383216c4a36210374ebffe220f6c9469d'.

You are in 'detached HEAD' state. You can look around, make experimental
changes and commit them, and you can discard any commits you make in this
state without impacting any branches by switching back to a branch.

If you want to create a new branch to retain commits you create, you may
do so (now or later) by using -c with the switch command. Example:

  git switch -c <new-branch-name>

Or undo this operation with:

  git switch -

Turn off this advice by setting config variable advice.detachedHead to false

HEAD is now at 43cb13f 4.13.0
=== src/urdf_test (git) ===
Cloning into '.'...
Note: switching to '3a827003480c3d67d4a21b364e2738cc88248bcd'.

You are in 'detached HEAD' state. You can look around, make experimental
changes and commit them, and you can discard any commits you make in this
state without impacting any branches by switching back to a branch.

If you want to create a new branch to retain commits you create, you may
do so (now or later) by using -c with the switch command. Example:

  git switch -c <new-branch-name>

Or undo this operation with:

  git switch -

Turn off this advice by setting config variable advice.detachedHead to false

HEAD is now at 3a82700 2.1.3
