START extract_v3.py --stage assemble-roles
CAUSAL_ROLES_CODED_WITH_UNKNOWN_FAILURES 1425
START annotate_v3.py --cohort reserved --stage packets
ANNOTATION_PACKETS 324
START annotate_v3.py --cohort reserved --stage annotate
00b7ee6ccef913c8 EXTERNAL_V2_AGENT_ASSESSED_QUALIFIED
003e044eddcc31f2 EXTERNAL_V2_AGENT_ASSESSED_QUALIFIED
00fa24ca049d1b0f EXTERNAL_V2_AGENT_ASSESSED_QUALIFIED
030ae19b4bf169e6 EXTERNAL_V2_AGENT_ASSESSED_QUALIFIED
038d3cc8e34c716a EXTERNAL_V2_AGENT_ASSESSED_QUALIFIED
03bbd30b8e357721 EXTERNAL_V2_AGENT_ASSESSED_QUALIFIED
048fb42058afefd8 EXTERNAL_V2_AGENT_ASSESSED_QUALIFIED
0444cf9d44c12339 EXTERNAL_V2_AGENT_ASSESSED_QUALIFIED
07878a958809222e EXTERNAL_V2_AGENT_ASSESSED_QUALIFIED
06207c6d9ed4e4ad EXTERNAL_V2_AGENT_ASSESSED_QUALIFIED
096169a1a053de98 EXTERNAL_V2_AGENT_ASSESSED_QUALIFIED
096ab484be4bb4f0 EXTERNAL_V2_AGENT_ASSESSED_QUALIFIED
0982cd8a2f990c44 EXTERNAL_V2_AGENT_ASSESSED_QUALIFIED
0a1af863b84513b1 EXTERNAL_V2_AGENT_ASSESSED_QUALIFIED
0a44030c2a76347f EXTERNAL_V2_AGENT_ASSESSED_QUALIFIED
0d42b3001965f88a EXTERNAL_V2_AGENT_ASSESSED_QUALIFIED
0e2aeb43256202a7 EXTERNAL_V2_AGENT_ASSESSED_QUALIFIED
0e6a4242b6f587b6 EXTERNAL_V2_AGENT_ASSESSED_QUALIFIED
0f1c2adb2d285781 EXTERNAL_V2_AGENT_ASSESSED_QUALIFIED
0f20516291d78cfa EXTERNAL_V2_AGENT_ASSESSED_QUALIFIED
0f5571fa7863e147 EXTERNAL_V2_AGENT_ASSESSED_QUALIFIED
0fec348a38ee04d1 EXTERNAL_V2_AGENT_ASSESSED_QUALIFIED
1028a52cc025c0d7 EXTERNAL_V2_AGENT_ASSESSED_QUALIFIED
10b5442e001badb0 EXTERNAL_V2_AGENT_ASSESSED_QUALIFIED
10dbcc5267cd445e EXTERNAL_V2_AGENT_ASSESSED_QUALIFIED
11c6298c194732c1 EXTERNAL_V2_AGENT_ASSESSED_QUALIFIED
121e7603546d6869 EXTERNAL_V2_AGENT_ASSESSED_QUALIFIED
12da7f797ca7d703 EXTERNAL_V2_AGENT_ASSESSED_QUALIFIED
1330ac6b80d84a8b EXTERNAL_V2_AGENT_ASSESSED_QUALIFIED
1469f28190d6d31f EXTERNAL_V2_AGENT_ASSESSED_QUALIFIED
14777d5429c4edf1 EXTERNAL_V2_AGENT_ASSESSED_QUALIFIED
149e3593e688741b EXTERNAL_V2_AGENT_ASSESSED_QUALIFIED
152a8822510c1fea EXTERNAL_V2_AGENT_ASSESSED_QUALIFIED
171d7824d68d546f EXTERNAL_V2_AGENT_ASSESSED_QUALIFIED
178fd785bd824382 EXTERNAL_V2_AGENT_ASSESSED_QUALIFIED
181bf9b06f9af6a2 EXTERNAL_V2_AGENT_ASSESSED_QUALIFIED
182d9fb6f6a5e388 EXTERNAL_V2_AGENT_ASSESSED_QUALIFIED
1ad3fc8cc338fdec EXTERNAL_V2_AGENT_ASSESSED_QUALIFIED
1b9d6455c177df77 EXTERNAL_V2_AGENT_ASSESSED_QUALIFIED
1ce904d58b00a056 EXTERNAL_V2_AGENT_ASSESSED_QUALIFIED
1cf573e0873824aa EXTERNAL_V2_AGENT_ASSESSED_QUALIFIED
1e648732862875e0 EXTERNAL_V2_AGENT_ASSESSED_QUALIFIED
1e73cf01193547eb EXTERNAL_V2_AGENT_ASSESSED_QUALIFIED
1f473513fd8a3f03 EXTERNAL_V2_AGENT_ASSESSED_QUALIFIED
1faf24394924c25b EXTERNAL_V2_AGENT_ASSESSED_QUALIFIED
1fd0cd3f257fd069 EXTERNAL_V2_AGENT_ASSESSED_QUALIFIED
1fc2045d136e070b EXTERNAL_V2_AGENT_ASSESSED_QUALIFIED
200d9b31abea0d14 EXTERNAL_V2_AGENT_ASSESSED_QUALIFIED
20d891839655c7a3 EXTERNAL_V2_AGENT_ASSESSED_QUALIFIED
20ec7a7ada530681 EXTERNAL_V2_AGENT_ASSESSED_QUALIFIED
213ecdb8f666983a EXTERNAL_V2_AGENT_ASSESSED_QUALIFIED
233a1b784b8c221b EXTERNAL_V2_AGENT_ASSESSED_QUALIFIED
23d5d08841ea9d24 EXTERNAL_V2_AGENT_ASSESSED_QUALIFIED
252ebaf46a318647 EXTERNAL_V2_AGENT_ASSESSED_QUALIFIED
25ddfa02c1d5a5a6 EXTERNAL_V2_AGENT_ASSESSED_QUALIFIED
270c2a1e2e3c4848 EXTERNAL_V2_AGENT_ASSESSED_QUALIFIED
287204cd3e8d5c14 EXTERNAL_V2_AGENT_ASSESSED_QUALIFIED
28c98d8f998991b7 EXTERNAL_V2_AGENT_ASSESSED_QUALIFIED
297d47c7e83ae93b EXTERNAL_V2_AGENT_ASSESSED_QUALIFIED
2997addb6068d514 EXTERNAL_V2_AGENT_ASSESSED_QUALIFIED
29ad00a891d48a68 EXTERNAL_V2_AGENT_ASSESSED_QUALIFIED
29ca48febd0b00d4 EXTERNAL_V2_AGENT_ASSESSED_QUALIFIED
2ca9bcb119431e7b EXTERNAL_V2_AGENT_ASSESSED_QUALIFIED
2bdc7b03808fa652 EXTERNAL_V2_AGENT_ASSESSED_QUALIFIED
2e75500370d390c2 EXTERNAL_V2_AGENT_ASSESSED_QUALIFIED
300d50bd320913f1 EXTERNAL_V2_AGENT_ASSESSED_QUALIFIED
30b1d2641359b7bb EXTERNAL_V2_AGENT_ASSESSED_QUALIFIED
3103f0a2c0e410f0 EXTERNAL_V2_AGENT_ASSESSED_QUALIFIED
3511f92364a8347f EXTERNAL_V2_AGENT_ASSESSED_QUALIFIED
34738c2715dfde11 EXTERNAL_V2_AGENT_ASSESSED_QUALIFIED
37c5fec0113dd7eb EXTERNAL_V2_AGENT_ASSESSED_QUALIFIED
35a193efbeed1b54 EXTERNAL_V2_AGENT_ASSESSED_QUALIFIED
38495cda05c7a4ba EXTERNAL_V2_AGENT_ASSESSED_QUALIFIED
3a20c44b602db63f EXTERNAL_V2_AGENT_ASSESSED_QUALIFIED
3a045eefd92e3397 EXTERNAL_V2_AGENT_ASSESSED_QUALIFIED
3b9d02581d617f06 EXTERNAL_V2_AGENT_ASSESSED_QUALIFIED
3bc9d01cccdac888 EXTERNAL_V2_AGENT_ASSESSED_QUALIFIED
3c1b2d7666746744 EXTERNAL_V2_AGENT_ASSESSED_QUALIFIED
3ce8bbf32b4e3444 EXTERNAL_V2_AGENT_ASSESSED_QUALIFIED
3e489abb146fc4b1 EXTERNAL_V2_AGENT_ASSESSED_QUALIFIED
3ed91d6c0df67f89 EXTERNAL_V2_AGENT_ASSESSED_QUALIFIED
4032c234c5b2b45c EXTERNAL_V2_AGENT_ASSESSED_QUALIFIED
405347e36ac62edb EXTERNAL_V2_AGENT_ASSESSED_QUALIFIED
4426e8ccd93ca450 EXTERNAL_V2_AGENT_ASSESSED_QUALIFIED
43a86ecd231387ef EXTERNAL_V2_AGENT_ASSESSED_QUALIFIED
4536cc217f46cfd3 EXTERNAL_V2_AGENT_ASSESSED_QUALIFIED
47c6efdd9072e2c4 EXTERNAL_V2_AGENT_ASSESSED_QUALIFIED
497285ba7599930c EXTERNAL_V2_AGENT_ASSESSED_QUALIFIED
49db9d4b01d58621 EXTERNAL_V2_AGENT_ASSESSED_QUALIFIED
4a96691c5a07458f EXTERNAL_V2_AGENT_ASSESSED_QUALIFIED
4b84e8da1142f185 EXTERNAL_V2_AGENT_ASSESSED_QUALIFIED
4e4cf1f822240b96 EXTERNAL_V2_AGENT_ASSESSED_QUALIFIED
4ea6b606e6cd93dd EXTERNAL_V2_AGENT_ASSESSED_QUALIFIED
4f563006fc79df54 EXTERNAL_V2_AGENT_ASSESSED_QUALIFIED
4f2a3a4665ceb0e8 EXTERNAL_V2_AGENT_ASSESSED_QUALIFIED
4fa46ff0378e31a9 EXTERNAL_V2_AGENT_ASSESSED_QUALIFIED
5160c15c5ea15a64 EXTERNAL_V2_AGENT_ASSESSED_QUALIFIED
535937601f4dedfe EXTERNAL_V2_AGENT_ASSESSED_QUALIFIED
53b14e5f0dcb3590 EXTERNAL_V2_AGENT_ASSESSED_QUALIFIED
53d489f16d09756c EXTERNAL_V2_AGENT_ASSESSED_QUALIFIED
54c6b4c96d04f07c EXTERNAL_V2_AGENT_ASSESSED_QUALIFIED
579c8707685d30cf EXTERNAL_V2_AGENT_ASSESSED_QUALIFIED
5847ebf273fffd76 EXTERNAL_V2_AGENT_ASSESSED_QUALIFIED
588c98d8798fa466 EXTERNAL_V2_AGENT_ASSESSED_QUALIFIED
591aba582981eef6 EXTERNAL_V2_AGENT_ASSESSED_QUALIFIED
596ed590916f85da EXTERNAL_V2_AGENT_ASSESSED_QUALIFIED
59568fa721ed231e EXTERNAL_V2_AGENT_ASSESSED_QUALIFIED
597ca9172846705a EXTERNAL_V2_AGENT_ASSESSED_QUALIFIED
59eb49000f4dee0d EXTERNAL_V2_AGENT_ASSESSED_QUALIFIED
5aab65e5613f7274 EXTERNAL_V2_AGENT_ASSESSED_QUALIFIED
5ae16facf82fb18e EXTERNAL_V2_AGENT_ASSESSED_QUALIFIED
5c00c8c4c73a926b EXTERNAL_V2_AGENT_ASSESSED_QUALIFIED
5cd623bcb7662371 EXTERNAL_V2_AGENT_ASSESSED_QUALIFIED
5db02757278ae5fc EXTERNAL_V2_AGENT_ASSESSED_QUALIFIED
5f11f8e5d95136d4 EXTERNAL_V2_AGENT_ASSESSED_QUALIFIED
5f2fd2d853fae913 EXTERNAL_V2_AGENT_ASSESSED_QUALIFIED
5f98ac6097d1601f EXTERNAL_V2_AGENT_ASSESSED_QUALIFIED
600591da1466dd80 EXTERNAL_V2_AGENT_ASSESSED_QUALIFIED
600b027a65ed41d8 EXTERNAL_V2_AGENT_ASSESSED_QUALIFIED
61fc429eb6533bbd EXTERNAL_V2_AGENT_ASSESSED_QUALIFIED
62b13db9e49b424c EXTERNAL_V2_AGENT_ASSESSED_QUALIFIED
633fe4c8603010d6 EXTERNAL_V2_AGENT_ASSESSED_QUALIFIED
642cb6400d527222 EXTERNAL_V2_AGENT_ASSESSED_QUALIFIED
64ae2f0988da9b13 EXTERNAL_V2_AGENT_ASSESSED_QUALIFIED
64f3a3ff024c592b EXTERNAL_V2_AGENT_ASSESSED_QUALIFIED
65abdf46adb32893 EXTERNAL_V2_AGENT_ASSESSED_QUALIFIED
67c6466b9d5b1120 EXTERNAL_V2_AGENT_ASSESSED_QUALIFIED
67ebdf162dbe213e EXTERNAL_V2_AGENT_ASSESSED_QUALIFIED
69068074dea08e63 EXTERNAL_V2_AGENT_ASSESSED_QUALIFIED
682931053742a792 EXTERNAL_V2_AGENT_ASSESSED_QUALIFIED
6b822c8d4bdd472e EXTERNAL_V2_AGENT_ASSESSED_QUALIFIED
6af558525e7b967a EXTERNAL_V2_AGENT_ASSESSED_QUALIFIED
6c3bf12e0c378bbd EXTERNAL_V2_AGENT_ASSESSED_QUALIFIED
6c530d54e28b21b4 EXTERNAL_V2_AGENT_ASSESSED_QUALIFIED
6ce5e21936ada23c EXTERNAL_V2_AGENT_ASSESSED_QUALIFIED
6d95536e55de04e2 EXTERNAL_V2_AGENT_ASSESSED_QUALIFIED
6f67ad5eb5b4d840 EXTERNAL_V2_AGENT_ASSESSED_QUALIFIED
6fb34a091064702c EXTERNAL_V2_AGENT_ASSESSED_QUALIFIED
72dbac9ce6c74efd EXTERNAL_V2_AGENT_ASSESSED_QUALIFIED
70f7ba15ecb5efa9 EXTERNAL_V2_AGENT_ASSESSED_QUALIFIED
73697a35b136afd8 EXTERNAL_V2_AGENT_ASSESSED_QUALIFIED
74f0f710548fcfab EXTERNAL_V2_AGENT_ASSESSED_QUALIFIED
75da147404305e60 EXTERNAL_V2_AGENT_ASSESSED_QUALIFIED
76faee8c34dac23e EXTERNAL_V2_AGENT_ASSESSED_QUALIFIED
77350dc7a2a20594 EXTERNAL_V2_AGENT_ASSESSED_QUALIFIED
792632442638891b EXTERNAL_V2_AGENT_ASSESSED_QUALIFIED
7a52320cf588a243 EXTERNAL_V2_AGENT_ASSESSED_QUALIFIED
7a6fa4ce53b2a9ea EXTERNAL_V2_AGENT_ASSESSED_QUALIFIED
7ac82ef29302f403 EXTERNAL_V2_AGENT_ASSESSED_QUALIFIED
7b7acbb5750ebf75 EXTERNAL_V2_AGENT_ASSESSED_QUALIFIED
7bc0891707fd3bd0 EXTERNAL_V2_AGENT_ASSESSED_QUALIFIED
7ccc1b12c3cbaa3d EXTERNAL_V2_AGENT_ASSESSED_QUALIFIED
7e01b70af8e28b6d EXTERNAL_V2_AGENT_ASSESSED_QUALIFIED
7e1b222eab3a4998 EXTERNAL_V2_AGENT_ASSESSED_QUALIFIED
7e87e6333bbf5636 EXTERNAL_V2_AGENT_ASSESSED_QUALIFIED
7ea3aad58c1136dd EXTERNAL_V2_AGENT_ASSESSED_QUALIFIED
80a42c67c636a581 EXTERNAL_V2_AGENT_ASSESSED_QUALIFIED
82a69ef47b8fd366 EXTERNAL_V2_AGENT_ASSESSED_QUALIFIED
8375b64798444b6b EXTERNAL_V2_AGENT_ASSESSED_QUALIFIED
834f784539c156a8 EXTERNAL_V2_AGENT_ASSESSED_QUALIFIED
85540bd27208fb32 EXTERNAL_V2_AGENT_ASSESSED_QUALIFIED
85d11aed73b112fc EXTERNAL_V2_AGENT_ASSESSED_QUALIFIED
8660a8a7a4d70b85 EXTERNAL_V2_AGENT_ASSESSED_QUALIFIED
87f2924b7ce10a0c EXTERNAL_V2_AGENT_ASSESSED_QUALIFIED
893b6d13cc100b46 EXTERNAL_V2_AGENT_ASSESSED_QUALIFIED
8a02dee3c4e70878 EXTERNAL_V2_AGENT_ASSESSED_QUALIFIED
8a1a0d74b719fa6b EXTERNAL_V2_AGENT_ASSESSED_QUALIFIED
8cdf3523a295c46d EXTERNAL_V2_AGENT_ASSESSED_QUALIFIED
8d34fe9660a28a98 EXTERNAL_V2_AGENT_ASSESSED_QUALIFIED
8f75144093bb8f74 EXTERNAL_V2_AGENT_ASSESSED_QUALIFIED
8ee936557d35d90c EXTERNAL_V2_AGENT_ASSESSED_QUALIFIED
8f78bb5a82572923 EXTERNAL_V2_AGENT_ASSESSED_QUALIFIED
905259df976eaca0 EXTERNAL_V2_AGENT_ASSESSED_QUALIFIED
905dc7bcfe93be3f EXTERNAL_V2_AGENT_ASSESSED_QUALIFIED
90b9a82dacec7a9b EXTERNAL_V2_AGENT_ASSESSED_QUALIFIED
9164aa3df0313f0b EXTERNAL_V2_AGENT_ASSESSED_QUALIFIED
91ae0c613a5edeed EXTERNAL_V2_AGENT_ASSESSED_QUALIFIED
9323664b5d4c0c83 EXTERNAL_V2_AGENT_ASSESSED_QUALIFIED
9360a5abe236fccf EXTERNAL_V2_AGENT_ASSESSED_QUALIFIED
93768a917ec8cb50 EXTERNAL_V2_AGENT_ASSESSED_QUALIFIED
940fa566727445e5 EXTERNAL_V2_AGENT_ASSESSED_QUALIFIED
9517edddce18e41b EXTERNAL_V2_AGENT_ASSESSED_QUALIFIED
954a6241e84228f6 EXTERNAL_V2_AGENT_ASSESSED_QUALIFIED
97af1c4b9c1a05b4 EXTERNAL_V2_AGENT_ASSESSED_QUALIFIED
9844a12fe1ac2291 EXTERNAL_V2_AGENT_ASSESSED_QUALIFIED
9883a7b4848798ef EXTERNAL_V2_AGENT_ASSESSED_QUALIFIED
98cf52d971563cca EXTERNAL_V2_AGENT_ASSESSED_QUALIFIED
992308b2f1563fbf EXTERNAL_V2_AGENT_ASSESSED_QUALIFIED
9ba75a3c70dcecbb EXTERNAL_V2_AGENT_ASSESSED_QUALIFIED
9b9e157c0642931c EXTERNAL_V2_AGENT_ASSESSED_QUALIFIED
9bf83e27e34878a5 EXTERNAL_V2_AGENT_ASSESSED_QUALIFIED
9c36295bcafcf774 EXTERNAL_V2_AGENT_ASSESSED_QUALIFIED
9ccb6713e40eed0c EXTERNAL_V2_AGENT_ASSESSED_QUALIFIED
9d51b43aa76d9082 EXTERNAL_V2_AGENT_ASSESSED_QUALIFIED
9d8ca313d88835c4 EXTERNAL_V2_AGENT_ASSESSED_QUALIFIED
9e4255ba959d0de3 EXTERNAL_V2_AGENT_ASSESSED_QUALIFIED
9e77b3e6c5a22acf EXTERNAL_V2_AGENT_ASSESSED_QUALIFIED
9f49c47a1a03ffc6 EXTERNAL_V2_AGENT_ASSESSED_QUALIFIED
9fcda181d2b7c254 EXTERNAL_V2_AGENT_ASSESSED_QUALIFIED
a0575bc096856323 EXTERNAL_V2_AGENT_ASSESSED_QUALIFIED
a127a04ee3f14485 EXTERNAL_V2_AGENT_ASSESSED_QUALIFIED
a13fc12406169026 EXTERNAL_V2_AGENT_ASSESSED_QUALIFIED
a1675c0603b74165 EXTERNAL_V2_AGENT_ASSESSED_QUALIFIED
a310fdb4a03578ac EXTERNAL_V2_AGENT_ASSESSED_QUALIFIED
a4d29f9779ebf8c8 EXTERNAL_V2_AGENT_ASSESSED_QUALIFIED
a558616593e2b1b0 EXTERNAL_V2_AGENT_ASSESSED_QUALIFIED
a5ed1d33017918ef EXTERNAL_V2_AGENT_ASSESSED_QUALIFIED
a6cb4df3d06e240b EXTERNAL_V2_AGENT_ASSESSED_QUALIFIED
a5fc8bfd2a81c56b EXTERNAL_V2_AGENT_ASSESSED_QUALIFIED
a7c0a9b55216cec1 EXTERNAL_V2_AGENT_ASSESSED_QUALIFIED
a87699c70df09cf7 EXTERNAL_V2_AGENT_ASSESSED_QUALIFIED
a8cd037c674b9c2d EXTERNAL_V2_AGENT_ASSESSED_QUALIFIED
a926bdc2d2a7d90b EXTERNAL_V2_AGENT_ASSESSED_QUALIFIED
a9729de531fba319 EXTERNAL_V2_AGENT_ASSESSED_QUALIFIED
a9c4788468bbb06f EXTERNAL_V2_AGENT_ASSESSED_QUALIFIED
ab3dc0cc2749c0d8 EXTERNAL_V2_AGENT_ASSESSED_QUALIFIED
abb92f7ef244ea90 EXTERNAL_V2_AGENT_ASSESSED_QUALIFIED
acb59ecc1ab3e4fe EXTERNAL_V2_AGENT_ASSESSED_QUALIFIED
acd21f88b1b5cb94 EXTERNAL_V2_AGENT_ASSESSED_QUALIFIED
ad4ab483300c7c76 EXTERNAL_V2_AGENT_ASSESSED_QUALIFIED
b0d25d3da71050d6 EXTERNAL_V2_AGENT_ASSESSED_QUALIFIED
b146a1a36ec4ae13 EXTERNAL_V2_AGENT_ASSESSED_QUALIFIED
b1486dfd044fa800 EXTERNAL_V2_AGENT_ASSESSED_QUALIFIED
b28163251daaaaf4 EXTERNAL_V2_AGENT_ASSESSED_QUALIFIED
b236653f6b759f7f EXTERNAL_V2_AGENT_ASSESSED_QUALIFIED
b2ce5d5d7218f653 EXTERNAL_V2_AGENT_ASSESSED_QUALIFIED
b2ded1734501784a EXTERNAL_V2_AGENT_ASSESSED_QUALIFIED
b3e1dddf178263b2 EXTERNAL_V2_AGENT_ASSESSED_QUALIFIED
b48f46253504825e EXTERNAL_V2_AGENT_ASSESSED_QUALIFIED
b53b409ea0f1f3c6 EXTERNAL_V2_AGENT_ASSESSED_QUALIFIED
b860ec302fd9555c EXTERNAL_V2_AGENT_ASSESSED_QUALIFIED
b6866bacb6c95d86 EXTERNAL_V2_AGENT_ASSESSED_QUALIFIED
b87405314fda3b3b EXTERNAL_V2_AGENT_ASSESSED_QUALIFIED
b9486eb02ce63743 EXTERNAL_V2_AGENT_ASSESSED_QUALIFIED
b99731fa5f82feaa EXTERNAL_V2_AGENT_ASSESSED_QUALIFIED
b9cdad39387d891d EXTERNAL_V2_AGENT_ASSESSED_QUALIFIED
bae8d860160a84c4 EXTERNAL_V2_AGENT_ASSESSED_QUALIFIED
ba6ff0c8638c2d87 EXTERNAL_V2_AGENT_ASSESSED_QUALIFIED
baf063409f353c9f EXTERNAL_V2_AGENT_ASSESSED_QUALIFIED
bbf3cded2e17333d EXTERNAL_V2_AGENT_ASSESSED_QUALIFIED
bc7309601b12d1eb EXTERNAL_V2_AGENT_ASSESSED_QUALIFIED
bd1e0790bf800562 EXTERNAL_V2_AGENT_ASSESSED_QUALIFIED
bd8f2b9ca5518cc1 EXTERNAL_V2_AGENT_ASSESSED_QUALIFIED
bd2eba64f6597b21 EXTERNAL_V2_AGENT_ASSESSED_QUALIFIED
c01d9e29b1eff273 EXTERNAL_V2_AGENT_ASSESSED_QUALIFIED
bdef384c92119b50 EXTERNAL_V2_AGENT_ASSESSED_QUALIFIED
c052b70f5ee4714c EXTERNAL_V2_AGENT_ASSESSED_QUALIFIED
c02986d1f7132238 EXTERNAL_V2_AGENT_ASSESSED_QUALIFIED
c06c7f332b9f1222 EXTERNAL_V2_AGENT_ASSESSED_QUALIFIED
c0acb27447b0afb2 EXTERNAL_V2_AGENT_ASSESSED_QUALIFIED
c38f2c21598d4b48 EXTERNAL_V2_AGENT_ASSESSED_QUALIFIED
c22b7eeee486c35f EXTERNAL_V2_AGENT_ASSESSED_QUALIFIED
c508be4420416d94 EXTERNAL_V2_AGENT_ASSESSED_QUALIFIED
c624534b246560e3 EXTERNAL_V2_AGENT_ASSESSED_QUALIFIED
c82c6f337794d73d EXTERNAL_V2_AGENT_ASSESSED_QUALIFIED
c849900fef90d909 EXTERNAL_V2_AGENT_ASSESSED_QUALIFIED
c860e40a6216b825 EXTERNAL_V2_AGENT_ASSESSED_QUALIFIED
c90fe6818bbc43d5 EXTERNAL_V2_AGENT_ASSESSED_QUALIFIED
c98b52a30c352978 EXTERNAL_V2_AGENT_ASSESSED_QUALIFIED
c9925e09fe0d6106 EXTERNAL_V2_AGENT_ASSESSED_QUALIFIED
cae6743e01d3b324 EXTERNAL_V2_AGENT_ASSESSED_QUALIFIED
c9a360d8d115a9c5 EXTERNAL_V2_AGENT_ASSESSED_QUALIFIED
cf5f03d7c148fc46 EXTERNAL_V2_AGENT_ASSESSED_QUALIFIED
ce6bd402a6ca38c9 EXTERNAL_V2_AGENT_ASSESSED_QUALIFIED
cfcc7c500b7626b0 EXTERNAL_V2_AGENT_ASSESSED_QUALIFIED
d02ba57649b7ee67 EXTERNAL_V2_AGENT_ASSESSED_QUALIFIED
d029890b7d4b9ad9 EXTERNAL_V2_AGENT_ASSESSED_QUALIFIED
d1982065fd7bcd1c EXTERNAL_V2_AGENT_ASSESSED_QUALIFIED
d1e4cbeaf3ea783f EXTERNAL_V2_AGENT_ASSESSED_QUALIFIED
d8d1513d81e82c71 EXTERNAL_V2_AGENT_ASSESSED_QUALIFIED
d626cb4674a52157 EXTERNAL_V2_AGENT_ASSESSED_QUALIFIED
d951553a40168482 EXTERNAL_V2_AGENT_ASSESSED_QUALIFIED
d8ec9cc209ceef97 EXTERNAL_V2_AGENT_ASSESSED_QUALIFIED
d9f42359c55e33b2 EXTERNAL_V2_AGENT_ASSESSED_QUALIFIED
d9e6bf61a96986ea EXTERNAL_V2_AGENT_ASSESSED_QUALIFIED
daacdf48b9667c20 EXTERNAL_V2_AGENT_ASSESSED_QUALIFIED
dbe5e189cbf646b6 EXTERNAL_V2_AGENT_ASSESSED_QUALIFIED
dbee91be0f475d73 EXTERNAL_V2_AGENT_ASSESSED_QUALIFIED
dd3465e589c6576d EXTERNAL_V2_AGENT_ASSESSED_QUALIFIED
de1ca613c0276b18 EXTERNAL_V2_AGENT_ASSESSED_QUALIFIED
de710bf032857cb0 EXTERNAL_V2_AGENT_ASSESSED_QUALIFIED
df4af49d1504a827 EXTERNAL_V2_AGENT_ASSESSED_QUALIFIED
e134810e0eb71f64 EXTERNAL_V2_AGENT_ASSESSED_QUALIFIED
e0daea8ce25d7baa EXTERNAL_V2_AGENT_ASSESSED_QUALIFIED
e1d48f4e20cc92c5 EXTERNAL_V2_AGENT_ASSESSED_QUALIFIED
e15c51eae54b4b47 EXTERNAL_V2_AGENT_ASSESSED_QUALIFIED
e382b0ddaeddcf0f EXTERNAL_V2_AGENT_ASSESSED_QUALIFIED
e2591fbcadc111d5 EXTERNAL_V2_AGENT_ASSESSED_QUALIFIED
e568adbbd82d3273 EXTERNAL_V2_AGENT_ASSESSED_QUALIFIED
e3c70ce5019afd57 EXTERNAL_V2_AGENT_ASSESSED_QUALIFIED
e7d1cdce1435b429 EXTERNAL_V2_AGENT_ASSESSED_QUALIFIED
e716ef58b7d73d97 EXTERNAL_V2_AGENT_ASSESSED_QUALIFIED
e8c9b5c2cc81a6ac EXTERNAL_V2_AGENT_ASSESSED_QUALIFIED
e8d896fa0727c1f9 EXTERNAL_V2_AGENT_ASSESSED_QUALIFIED
ea6aea0afd9c0a50 EXTERNAL_V2_AGENT_ASSESSED_QUALIFIED
ea88f9cc0eb46343 EXTERNAL_V2_AGENT_ASSESSED_QUALIFIED
eb8d73f7a1efc2eb EXTERNAL_V2_AGENT_ASSESSED_QUALIFIED
ec046ea6036983b0 EXTERNAL_V2_AGENT_ASSESSED_QUALIFIED
ec57c3e77d80bab3 EXTERNAL_V2_AGENT_ASSESSED_QUALIFIED
eca796bdd5d410f6 EXTERNAL_V2_AGENT_ASSESSED_QUALIFIED
eca9d3b69884c46f EXTERNAL_V2_AGENT_ASSESSED_QUALIFIED
ee739f43fddd6198 EXTERNAL_V2_AGENT_ASSESSED_QUALIFIED
eebdb5d6707ec695 EXTERNAL_V2_AGENT_ASSESSED_QUALIFIED
efb4a396d977865e EXTERNAL_V2_AGENT_ASSESSED_QUALIFIED
f0dc27b8560dce44 EXTERNAL_V2_AGENT_ASSESSED_QUALIFIED
f1ff41d52ce28c91 EXTERNAL_V2_AGENT_ASSESSED_QUALIFIED
f1b94df1d48650af EXTERNAL_V2_AGENT_ASSESSED_QUALIFIED
f24fd0a78c8dd91a EXTERNAL_V2_AGENT_ASSESSED_QUALIFIED
f2eac4b9894fa9e0 EXTERNAL_V2_AGENT_ASSESSED_QUALIFIED
f2edbc79a989e82e EXTERNAL_V2_AGENT_ASSESSED_QUALIFIED
f351008b0fb65366 EXTERNAL_V2_AGENT_ASSESSED_QUALIFIED
f45d868b39696d58 EXTERNAL_V2_AGENT_ASSESSED_QUALIFIED
f52078995bc1283a EXTERNAL_V2_AGENT_ASSESSED_QUALIFIED
f5b2b493bdaec696 EXTERNAL_V2_AGENT_ASSESSED_QUALIFIED
f5d5ce45081d4a55 EXTERNAL_V2_AGENT_ASSESSED_QUALIFIED
f64f5e6ebed5f964 EXTERNAL_V2_AGENT_ASSESSED_QUALIFIED
f860f5b0f86e7410 EXTERNAL_V2_AGENT_ASSESSED_QUALIFIED
f93f9a9fad356026 EXTERNAL_V2_AGENT_ASSESSED_QUALIFIED
f902a56777e84b9c EXTERNAL_V2_AGENT_ASSESSED_QUALIFIED
fa11effdc91a910c EXTERNAL_V2_AGENT_ASSESSED_QUALIFIED
fc908827ce672201 EXTERNAL_V2_AGENT_ASSESSED_QUALIFIED
fcc0d5f87ee6cff3 EXTERNAL_V2_AGENT_ASSESSED_QUALIFIED
fd995f0f6fcb4856 EXTERNAL_V2_AGENT_ASSESSED_QUALIFIED
ff4869515a5c7476 EXTERNAL_V2_AGENT_ASSESSED_QUALIFIED
QUALIFIED_SUPPORT_CLOSED_READY_FOR_REGISTERED_REPORT
