START_BLIND_EXTRACTION project
BLIND_EXTRACTION_PROJECTED 324 162
START_BLIND_EXTRACTION extract
atoms 2 VALID
atoms 1 TECHNICAL_FAILURE
atoms 3 VALID
atoms 4 VALID
atoms 5 VALID
atoms 6 VALID
atoms 7 VALID
atoms 8 VALID
atoms 9 VALID
atoms 10 VALID
atoms 12 VALID
atoms 11 VALID
atoms 13 VALID
atoms 14 VALID
atoms 15 VALID
atoms 16 VALID
atoms 17 VALID
atoms 18 VALID
atoms 19 VALID
atoms 20 VALID
atoms 21 VALID
atoms 22 VALID
atoms 23 VALID
atoms 24 VALID
atoms 25 VALID
atoms 27 VALID
atoms 26 VALID
START_BLIND_EXTRACTION assemble
INVENTORY_CANDIDATE_ASSEMBLED_PARENT_REVIEW_REQUIRED 324 1434
BLIND_CANDIDATE_READY_INDEPENDENT_PARENT_REVIEW_REQUIRED_NO_SUPPORT_YET
