V2_CLOSED_RETAINED {'alpha_consumed': 0, 'human_validated': False, 'n_responses': 162, 'qualified_completed': 138, 'technical_failures': 24}
A hxq3-02 scored
A hxq3-01 scored
A hxq3-03 scored
A hxq3-04 scored
A hxq3-05 scored
A hxq3-06 scored
A hxq3-07 scored
B hxq3-01 scored
A hxq3-08 scored
B hxq3-02 scored
B hxq3-03 scored
B hxq3-04 scored
B hxq3-05 scored
B hxq3-07 scored
B hxq3-06 scored
B hxq3-08 scored
QUALIFIED
FRESH_QUALIFICATION QUALIFIED
P006-q1-diagnostic_removal-HX-ORIGINAL VALID
P001-q1-irrelevant_removal-HX-PROMPT VALID
P005-q1-diagnostic_removal-HX-CONTRACT VALID
P004-q1-diagnostic_removal-HX-PROMPT VALID
P002-q1-irrelevant_removal-HX-ORIGINAL VALID
P006-q1-diagnostic_removal-HX-PROMPT VALID
P005-q1-irrelevant_removal-HX-ORIGINAL VALID
P002-q1-diagnostic_removal-HX-PROMPT VALID
P001-q1-diagnostic_removal-HX-ORIGINAL VALID
P002-q1-irrelevant_removal-HX-PROMPT VALID
P003-q1-diagnostic_removal-HX-CONTRACT VALID
P006-q1-intact-HX-ORIGINAL VALID
P006-q1-irrelevant_removal-HX-ORIGINAL VALID
P006-q1-intact-HX-PROMPT VALID
P001-q1-irrelevant_removal-HX-ORIGINAL VALID
P001-q1-intact-HX-PROMPT VALID
P002-q1-intact-HX-ORIGINAL VALID
P006-q1-irrelevant_removal-HX-CONTRACT VALID
P001-q1-intact-HX-ORIGINAL VALID
P006-q1-diagnostic_removal-HX-CONTRACT VALID
P004-q1-irrelevant_removal-HX-CONTRACT VALID
P003-q1-irrelevant_removal-HX-PROMPT VALID
P002-q1-diagnostic_removal-HX-ORIGINAL VALID
P002-q1-diagnostic_removal-HX-CONTRACT VALID
P003-q1-intact-HX-PROMPT VALID
P005-q1-intact-HX-ORIGINAL VALID
P003-q1-diagnostic_removal-HX-ORIGINAL VALID
P003-q1-irrelevant_removal-HX-CONTRACT VALID
P005-q1-irrelevant_removal-HX-CONTRACT VALID
P003-q1-intact-HX-ORIGINAL VALID
P001-q1-diagnostic_removal-HX-PROMPT VALID
P003-q1-irrelevant_removal-HX-ORIGINAL VALID
P002-q1-irrelevant_removal-HX-CONTRACT VALID
P004-q1-irrelevant_removal-HX-ORIGINAL VALID
P006-q1-intact-HX-CONTRACT VALID
P006-q1-irrelevant_removal-HX-PROMPT VALID
P001-q1-diagnostic_removal-HX-CONTRACT VALID
P005-q1-intact-HX-PROMPT VALID
P005-q1-diagnostic_removal-HX-PROMPT VALID
P001-q1-irrelevant_removal-HX-CONTRACT VALID
P005-q1-diagnostic_removal-HX-ORIGINAL VALID
P002-q1-intact-HX-CONTRACT VALID
P004-q1-irrelevant_removal-HX-PROMPT VALID
P005-q1-irrelevant_removal-HX-PROMPT VALID
P004-q1-intact-HX-ORIGINAL VALID
P003-q1-intact-HX-CONTRACT VALID
P002-q1-intact-HX-PROMPT VALID
P005-q1-intact-HX-CONTRACT VALID
P004-q1-intact-HX-PROMPT VALID
P004-q1-diagnostic_removal-HX-CONTRACT VALID
P004-q1-intact-HX-CONTRACT VALID
P004-q1-diagnostic_removal-HX-ORIGINAL VALID
P001-q1-intact-HX-CONTRACT VALID
P003-q1-diagnostic_removal-HX-PROMPT VALID
FRESH_V3_PILOT_RESPONSES_READY_INVENTORY_AND_SUPPORT_STILL_REQUIRED
