FRESH_COMPATIBILITY_CLOSED_GATE_PASSED_ZERO_ALPHA_RELEASE
START freeze_v3.py
V3_COMPLETE_RESERVED_DESCRIPTIVE_DESIGN_FROZEN_NO_ALPHA
DONE freeze_v3.py
START build_v3_reserved.py --cohort reserved
{"cohort": "reserved", "recordings": 12, "packets": 108, "closure_passed": true}
ALL_RESERVED_PACKETS_REFERENCES_RELEASED_BEFORE_ANSWERS
DONE build_v3_reserved.py
START run_v3_reserved.py --cohort reserved
R005-q1-intact-HX-CONTRACT VALID
R006-q2-intact-HX-ORIGINAL VALID
R004-q3-diagnostic_removal-HX-ORIGINAL VALID
R003-q1-irrelevant_removal-HX-PROMPT VALID
R001-q3-irrelevant_removal-HX-ORIGINAL VALID
R012-q2-irrelevant_removal-HX-CONTRACT VALID
R004-q2-intact-HX-PROMPT VALID
R008-q2-irrelevant_removal-HX-PROMPT VALID
R007-q1-diagnostic_removal-HX-ORIGINAL VALID
R003-q2-intact-HX-ORIGINAL VALID
R009-q1-intact-HX-CONTRACT VALID
R007-q2-irrelevant_removal-HX-ORIGINAL VALID
R001-q2-diagnostic_removal-HX-ORIGINAL VALID
R010-q2-diagnostic_removal-HX-ORIGINAL VALID
R002-q2-diagnostic_removal-HX-CONTRACT VALID
R004-q1-diagnostic_removal-HX-ORIGINAL VALID
R007-q3-irrelevant_removal-HX-ORIGINAL VALID
R002-q3-diagnostic_removal-HX-PROMPT VALID
R012-q2-diagnostic_removal-HX-CONTRACT VALID
R005-q2-irrelevant_removal-HX-PROMPT VALID
R011-q1-irrelevant_removal-HX-CONTRACT VALID
R010-q3-irrelevant_removal-HX-ORIGINAL VALID
R003-q3-irrelevant_removal-HX-CONTRACT VALID
R003-q3-diagnostic_removal-HX-PROMPT VALID
R008-q2-irrelevant_removal-HX-CONTRACT VALID
R009-q3-diagnostic_removal-HX-CONTRACT VALID
R007-q2-diagnostic_removal-HX-ORIGINAL VALID
R004-q1-diagnostic_removal-HX-PROMPT VALID
R005-q3-irrelevant_removal-HX-CONTRACT VALID
R004-q1-intact-HX-CONTRACT VALID
R008-q3-diagnostic_removal-HX-ORIGINAL VALID
R007-q2-irrelevant_removal-HX-CONTRACT VALID
R010-q1-intact-HX-PROMPT VALID
R010-q1-irrelevant_removal-HX-CONTRACT VALID
R005-q2-diagnostic_removal-HX-ORIGINAL VALID
R007-q2-diagnostic_removal-HX-CONTRACT VALID
R004-q2-intact-HX-CONTRACT VALID
R009-q3-diagnostic_removal-HX-PROMPT VALID
R007-q2-diagnostic_removal-HX-PROMPT VALID
R009-q1-irrelevant_removal-HX-ORIGINAL VALID
R009-q3-irrelevant_removal-HX-PROMPT VALID
R006-q2-intact-HX-PROMPT VALID
R007-q1-diagnostic_removal-HX-CONTRACT VALID
R005-q1-diagnostic_removal-HX-CONTRACT VALID
R002-q3-diagnostic_removal-HX-CONTRACT VALID
R006-q2-irrelevant_removal-HX-ORIGINAL VALID
R011-q3-diagnostic_removal-HX-ORIGINAL VALID
R011-q1-diagnostic_removal-HX-CONTRACT VALID
R006-q2-diagnostic_removal-HX-CONTRACT VALID
R011-q2-irrelevant_removal-HX-PROMPT VALID
R011-q2-intact-HX-CONTRACT VALID
R008-q2-intact-HX-CONTRACT VALID
R012-q2-irrelevant_removal-HX-PROMPT VALID
R006-q2-diagnostic_removal-HX-ORIGINAL VALID
R008-q3-intact-HX-PROMPT VALID
R002-q3-intact-HX-PROMPT VALID
R002-q1-irrelevant_removal-HX-ORIGINAL VALID
R006-q2-irrelevant_removal-HX-PROMPT VALID
R005-q1-irrelevant_removal-HX-ORIGINAL VALID
R002-q2-intact-HX-PROMPT VALID
R007-q3-diagnostic_removal-HX-PROMPT VALID
R004-q2-diagnostic_removal-HX-PROMPT VALID
R012-q2-intact-HX-PROMPT VALID
R007-q3-diagnostic_removal-HX-CONTRACT VALID
R005-q3-diagnostic_removal-HX-PROMPT VALID
R011-q1-intact-HX-ORIGINAL VALID
R006-q3-intact-HX-CONTRACT VALID
R008-q1-irrelevant_removal-HX-CONTRACT VALID
R006-q3-diagnostic_removal-HX-ORIGINAL VALID
R005-q1-intact-HX-ORIGINAL VALID
R004-q3-irrelevant_removal-HX-ORIGINAL VALID
R009-q2-diagnostic_removal-HX-CONTRACT VALID
R004-q1-irrelevant_removal-HX-CONTRACT VALID
R010-q1-diagnostic_removal-HX-CONTRACT VALID
R007-q1-irrelevant_removal-HX-ORIGINAL VALID
R012-q3-diagnostic_removal-HX-CONTRACT VALID
R006-q1-intact-HX-CONTRACT VALID
R007-q1-diagnostic_removal-HX-PROMPT VALID
R001-q2-irrelevant_removal-HX-PROMPT VALID
R009-q1-diagnostic_removal-HX-PROMPT VALID
R005-q1-diagnostic_removal-HX-PROMPT VALID
R010-q3-intact-HX-PROMPT VALID
R002-q2-diagnostic_removal-HX-ORIGINAL VALID
R001-q3-diagnostic_removal-HX-ORIGINAL VALID
R006-q3-intact-HX-PROMPT VALID
R004-q3-irrelevant_removal-HX-CONTRACT VALID
R006-q2-irrelevant_removal-HX-CONTRACT VALID
R009-q3-diagnostic_removal-HX-ORIGINAL VALID
R009-q1-diagnostic_removal-HX-ORIGINAL VALID
R005-q3-irrelevant_removal-HX-ORIGINAL VALID
R009-q2-intact-HX-CONTRACT VALID
R008-q2-diagnostic_removal-HX-PROMPT VALID
R004-q2-diagnostic_removal-HX-CONTRACT VALID
R006-q3-diagnostic_removal-HX-CONTRACT VALID
R002-q3-irrelevant_removal-HX-PROMPT VALID
R010-q3-diagnostic_removal-HX-PROMPT VALID
R012-q1-irrelevant_removal-HX-ORIGINAL VALID
R001-q1-irrelevant_removal-HX-ORIGINAL VALID
R010-q3-diagnostic_removal-HX-CONTRACT VALID
R012-q2-diagnostic_removal-HX-ORIGINAL VALID
R004-q3-intact-HX-PROMPT VALID
R009-q3-intact-HX-ORIGINAL VALID
R012-q3-irrelevant_removal-HX-CONTRACT VALID
R008-q3-diagnostic_removal-HX-CONTRACT VALID
R003-q3-diagnostic_removal-HX-CONTRACT VALID
R001-q1-diagnostic_removal-HX-CONTRACT VALID
R011-q3-irrelevant_removal-HX-PROMPT VALID
R012-q3-intact-HX-CONTRACT VALID
R003-q2-intact-HX-PROMPT VALID
R001-q2-intact-HX-CONTRACT VALID
R003-q3-intact-HX-CONTRACT VALID
R007-q3-irrelevant_removal-HX-CONTRACT VALID
R001-q2-diagnostic_removal-HX-CONTRACT VALID
R008-q2-intact-HX-ORIGINAL VALID
R002-q3-irrelevant_removal-HX-ORIGINAL VALID
R011-q1-irrelevant_removal-HX-PROMPT VALID
R010-q1-intact-HX-CONTRACT VALID
R008-q3-diagnostic_removal-HX-PROMPT VALID
R005-q1-diagnostic_removal-HX-ORIGINAL VALID
R001-q1-diagnostic_removal-HX-PROMPT VALID
R001-q1-intact-HX-ORIGINAL VALID
R008-q2-intact-HX-PROMPT VALID
R006-q1-diagnostic_removal-HX-CONTRACT VALID
R002-q2-irrelevant_removal-HX-ORIGINAL VALID
R011-q2-diagnostic_removal-HX-PROMPT VALID
R007-q1-irrelevant_removal-HX-PROMPT VALID
R007-q3-intact-HX-PROMPT VALID
R012-q2-intact-HX-ORIGINAL VALID
R002-q3-intact-HX-CONTRACT VALID
R002-q1-intact-HX-ORIGINAL VALID
R011-q3-intact-HX-PROMPT VALID
R003-q2-irrelevant_removal-HX-ORIGINAL VALID
R005-q2-intact-HX-ORIGINAL VALID
R009-q1-diagnostic_removal-HX-CONTRACT VALID
R001-q1-intact-HX-CONTRACT VALID
R006-q3-irrelevant_removal-HX-PROMPT VALID
R003-q1-diagnostic_removal-HX-ORIGINAL VALID
R001-q3-diagnostic_removal-HX-PROMPT VALID
R006-q3-diagnostic_removal-HX-PROMPT VALID
R003-q3-irrelevant_removal-HX-ORIGINAL VALID
R003-q3-irrelevant_removal-HX-PROMPT VALID
R009-q1-irrelevant_removal-HX-PROMPT VALID
R001-q3-intact-HX-CONTRACT VALID
R003-q2-irrelevant_removal-HX-PROMPT VALID
R005-q1-irrelevant_removal-HX-CONTRACT VALID
R002-q1-intact-HX-CONTRACT VALID
R011-q2-diagnostic_removal-HX-CONTRACT VALID
R005-q1-intact-HX-PROMPT VALID
R001-q2-intact-HX-PROMPT VALID
R003-q1-irrelevant_removal-HX-ORIGINAL VALID
R003-q2-intact-HX-CONTRACT VALID
R005-q2-irrelevant_removal-HX-ORIGINAL VALID
R006-q3-irrelevant_removal-HX-ORIGINAL VALID
R012-q3-intact-HX-ORIGINAL VALID
R005-q3-diagnostic_removal-HX-ORIGINAL VALID
R012-q1-intact-HX-CONTRACT VALID
R009-q2-irrelevant_removal-HX-ORIGINAL VALID
R004-q2-irrelevant_removal-HX-CONTRACT VALID
R012-q1-irrelevant_removal-HX-PROMPT VALID
R010-q2-irrelevant_removal-HX-PROMPT VALID
R012-q1-diagnostic_removal-HX-CONTRACT VALID
R010-q1-irrelevant_removal-HX-PROMPT VALID
R002-q2-irrelevant_removal-HX-CONTRACT VALID
R010-q2-diagnostic_removal-HX-CONTRACT VALID
R007-q1-intact-HX-ORIGINAL VALID
R012-q3-diagnostic_removal-HX-ORIGINAL VALID
R001-q2-irrelevant_removal-HX-CONTRACT VALID
R008-q1-diagnostic_removal-HX-CONTRACT VALID
R008-q1-irrelevant_removal-HX-ORIGINAL VALID
R004-q2-diagnostic_removal-HX-ORIGINAL VALID
R001-q2-irrelevant_removal-HX-ORIGINAL VALID
R008-q1-intact-HX-CONTRACT VALID
R004-q1-intact-HX-PROMPT VALID
R010-q2-intact-HX-ORIGINAL VALID
R007-q2-intact-HX-ORIGINAL VALID
R011-q1-diagnostic_removal-HX-PROMPT VALID
R005-q2-intact-HX-CONTRACT VALID
R005-q3-irrelevant_removal-HX-PROMPT VALID
R006-q1-intact-HX-ORIGINAL VALID
R011-q3-intact-HX-CONTRACT VALID
R011-q3-diagnostic_removal-HX-CONTRACT VALID
R001-q1-diagnostic_removal-HX-ORIGINAL VALID
R003-q3-intact-HX-ORIGINAL VALID
R002-q1-irrelevant_removal-HX-CONTRACT VALID
R003-q1-intact-HX-PROMPT VALID
R009-q1-intact-HX-ORIGINAL VALID
R011-q1-irrelevant_removal-HX-ORIGINAL VALID
R007-q3-intact-HX-ORIGINAL VALID
R006-q1-irrelevant_removal-HX-ORIGINAL VALID
R001-q2-intact-HX-ORIGINAL VALID
R004-q1-irrelevant_removal-HX-PROMPT VALID
R012-q2-irrelevant_removal-HX-ORIGINAL VALID
R002-q2-intact-HX-ORIGINAL VALID
R010-q2-irrelevant_removal-HX-CONTRACT VALID
R001-q3-diagnostic_removal-HX-CONTRACT VALID
R007-q3-diagnostic_removal-HX-ORIGINAL VALID
R001-q1-intact-HX-PROMPT VALID
R007-q2-intact-HX-PROMPT VALID
R010-q1-diagnostic_removal-HX-PROMPT VALID
R009-q2-intact-HX-PROMPT VALID
R009-q2-intact-HX-ORIGINAL VALID
R004-q1-intact-HX-ORIGINAL VALID
R010-q3-intact-HX-ORIGINAL VALID
R002-q1-irrelevant_removal-HX-PROMPT VALID
R012-q1-intact-HX-ORIGINAL VALID
R010-q3-diagnostic_removal-HX-ORIGINAL VALID
R012-q1-intact-HX-PROMPT VALID
R006-q1-intact-HX-PROMPT VALID
R006-q1-irrelevant_removal-HX-PROMPT VALID
R008-q1-diagnostic_removal-HX-ORIGINAL VALID
R006-q3-irrelevant_removal-HX-CONTRACT VALID
R006-q3-intact-HX-ORIGINAL VALID
R004-q3-irrelevant_removal-HX-PROMPT VALID
R011-q1-intact-HX-CONTRACT VALID
R007-q3-intact-HX-CONTRACT VALID
R007-q1-irrelevant_removal-HX-CONTRACT VALID
R009-q3-irrelevant_removal-HX-ORIGINAL VALID
R006-q1-irrelevant_removal-HX-CONTRACT VALID
R005-q3-intact-HX-ORIGINAL VALID
R007-q1-intact-HX-CONTRACT VALID
R012-q3-irrelevant_removal-HX-PROMPT VALID
R010-q2-diagnostic_removal-HX-PROMPT VALID
R008-q1-intact-HX-ORIGINAL VALID
R009-q1-irrelevant_removal-HX-CONTRACT VALID
R005-q3-diagnostic_removal-HX-CONTRACT VALID
R001-q1-irrelevant_removal-HX-CONTRACT VALID
R004-q2-irrelevant_removal-HX-ORIGINAL VALID
R003-q3-diagnostic_removal-HX-ORIGINAL VALID
R008-q3-irrelevant_removal-HX-PROMPT VALID
R012-q3-diagnostic_removal-HX-PROMPT VALID
R011-q2-diagnostic_removal-HX-ORIGINAL VALID
R001-q3-intact-HX-PROMPT VALID
R002-q2-intact-HX-CONTRACT VALID
R004-q3-intact-HX-ORIGINAL VALID
R012-q1-irrelevant_removal-HX-CONTRACT VALID
R011-q3-irrelevant_removal-HX-ORIGINAL VALID
R010-q3-irrelevant_removal-HX-CONTRACT VALID
R007-q2-intact-HX-CONTRACT VALID
R006-q2-intact-HX-CONTRACT VALID
R009-q3-intact-HX-CONTRACT VALID
R010-q2-intact-HX-CONTRACT VALID
R012-q1-diagnostic_removal-HX-ORIGINAL VALID
R009-q3-irrelevant_removal-HX-CONTRACT VALID
R002-q2-irrelevant_removal-HX-PROMPT VALID
R012-q2-intact-HX-CONTRACT VALID
R011-q3-irrelevant_removal-HX-CONTRACT VALID
R009-q2-diagnostic_removal-HX-PROMPT VALID
R003-q3-intact-HX-PROMPT VALID
R008-q1-intact-HX-PROMPT VALID
R010-q3-intact-HX-CONTRACT VALID
R008-q3-irrelevant_removal-HX-ORIGINAL VALID
R008-q3-irrelevant_removal-HX-CONTRACT VALID
R004-q3-intact-HX-CONTRACT VALID
R005-q2-diagnostic_removal-HX-CONTRACT VALID
R009-q2-irrelevant_removal-HX-PROMPT VALID
R003-q1-diagnostic_removal-HX-CONTRACT VALID
R003-q1-intact-HX-ORIGINAL VALID
R008-q3-intact-HX-CONTRACT VALID
R002-q1-diagnostic_removal-HX-PROMPT VALID
R008-q1-irrelevant_removal-HX-PROMPT VALID
R012-q3-intact-HX-PROMPT VALID
R003-q1-intact-HX-CONTRACT VALID
R011-q1-intact-HX-PROMPT VALID
R002-q1-diagnostic_removal-HX-CONTRACT VALID
R002-q1-intact-HX-PROMPT VALID
R002-q3-irrelevant_removal-HX-CONTRACT VALID
R001-q3-intact-HX-ORIGINAL VALID
R010-q2-irrelevant_removal-HX-ORIGINAL VALID
R011-q2-irrelevant_removal-HX-ORIGINAL VALID
R011-q3-intact-HX-ORIGINAL VALID
R003-q2-diagnostic_removal-HX-CONTRACT VALID
R008-q1-diagnostic_removal-HX-PROMPT VALID
R005-q2-diagnostic_removal-HX-PROMPT VALID
R007-q3-irrelevant_removal-HX-PROMPT VALID
R002-q3-intact-HX-ORIGINAL VALID
R005-q3-intact-HX-PROMPT VALID
R004-q3-diagnostic_removal-HX-CONTRACT VALID
R008-q2-diagnostic_removal-HX-ORIGINAL VALID
R005-q1-irrelevant_removal-HX-PROMPT VALID
R003-q1-irrelevant_removal-HX-CONTRACT VALID
R005-q2-irrelevant_removal-HX-CONTRACT VALID
R004-q3-diagnostic_removal-HX-PROMPT VALID
R001-q3-irrelevant_removal-HX-CONTRACT VALID
R011-q2-irrelevant_removal-HX-CONTRACT VALID
R008-q2-diagnostic_removal-HX-CONTRACT VALID
R006-q1-diagnostic_removal-HX-PROMPT VALID
R003-q2-irrelevant_removal-HX-CONTRACT VALID
R001-q3-irrelevant_removal-HX-PROMPT VALID
R011-q2-intact-HX-ORIGINAL VALID
R002-q3-diagnostic_removal-HX-ORIGINAL VALID
R003-q1-diagnostic_removal-HX-PROMPT VALID
R006-q2-diagnostic_removal-HX-PROMPT VALID
R010-q1-irrelevant_removal-HX-ORIGINAL VALID
R001-q1-irrelevant_removal-HX-PROMPT VALID
R002-q1-diagnostic_removal-HX-ORIGINAL VALID
R006-q1-diagnostic_removal-HX-ORIGINAL VALID
R011-q1-diagnostic_removal-HX-ORIGINAL VALID
R005-q3-intact-HX-CONTRACT VALID
R012-q2-diagnostic_removal-HX-PROMPT VALID
R004-q1-diagnostic_removal-HX-CONTRACT VALID
R012-q3-irrelevant_removal-HX-ORIGINAL VALID
R011-q3-diagnostic_removal-HX-PROMPT VALID
R008-q2-irrelevant_removal-HX-ORIGINAL VALID
R007-q2-irrelevant_removal-HX-PROMPT VALID
R010-q1-intact-HX-ORIGINAL VALID
R005-q2-intact-HX-PROMPT VALID
R009-q2-diagnostic_removal-HX-ORIGINAL VALID
R003-q2-diagnostic_removal-HX-ORIGINAL VALID
R003-q2-diagnostic_removal-HX-PROMPT VALID
R004-q2-intact-HX-ORIGINAL VALID
R010-q2-intact-HX-PROMPT VALID
R002-q2-diagnostic_removal-HX-PROMPT VALID
R010-q1-diagnostic_removal-HX-ORIGINAL VALID
R004-q2-irrelevant_removal-HX-PROMPT VALID
R004-q1-irrelevant_removal-HX-ORIGINAL VALID
R009-q1-intact-HX-PROMPT VALID
R009-q2-irrelevant_removal-HX-CONTRACT VALID
R007-q1-intact-HX-PROMPT VALID
R012-q1-diagnostic_removal-HX-PROMPT VALID
R008-q3-intact-HX-ORIGINAL VALID
R011-q2-intact-HX-PROMPT VALID
R009-q3-intact-HX-PROMPT VALID
R010-q3-irrelevant_removal-HX-PROMPT VALID
R001-q2-diagnostic_removal-HX-PROMPT VALID
DONE run_v3_reserved.py
START annotate_v3.py --cohort reserved --stage bank
BANK 324
DONE annotate_v3.py
ALL_324_RESERVED_RESPONSES_RETAINED_BLIND_INVENTORY_AND_SUPPORT_REQUIRED
