{
  "responses": 27,
  "qualification": "FAILED_RETAIN_NO_RETRY",
  "primary_effect": null,
  "methods": {
    "HX-ORIGINAL": {
      "responses": 9,
      "valid": 9,
      "technical_failures": 0,
      "model_calls": 9,
      "template_responses": 0,
      "fallback_responses": 0,
      "mean_words": 13,
      "mean_end_to_end_ms": 7900.717439775083,
      "intact_irrelevant_exact_text_match": 0,
      "exact_match_pairs": 3,
      "semantic_consistency_assessed": false,
      "qualified_primary_success": null,
      "unsupported_causal_rate": null,
      "coverage": null,
      "unnecessary_abstention": null,
      "cost_usd": null
    },
    "HX-PROMPT": {
      "responses": 9,
      "valid": 9,
      "technical_failures": 0,
      "model_calls": 9,
      "template_responses": 0,
      "fallback_responses": 0,
      "mean_words": 46.333333333333336,
      "mean_end_to_end_ms": 16557.82856722039,
      "intact_irrelevant_exact_text_match": 0,
      "exact_match_pairs": 3,
      "semantic_consistency_assessed": false,
      "qualified_primary_success": null,
      "unsupported_causal_rate": null,
      "coverage": null,
      "unnecessary_abstention": null,
      "cost_usd": null
    },
    "HX-CONTRACT": {
      "responses": 9,
      "valid": 9,
      "technical_failures": 0,
      "model_calls": 0,
      "template_responses": 9,
      "fallback_responses": 0,
      "mean_words": 25.333333333333332,
      "mean_end_to_end_ms": 1.2012432190305036,
      "intact_irrelevant_exact_text_match": 3,
      "exact_match_pairs": 3,
      "semantic_consistency_assessed": false,
      "qualified_primary_success": null,
      "unsupported_causal_rate": null,
      "coverage": null,
      "unnecessary_abstention": null,
      "cost_usd": null
    }
  }
}
