{
  "rows": 540,
  "navigation_recordings": 18,
  "all": {
    "explanation": {
      "n": 180,
      "recordings": 60,
      "correctness": {
        "positive": 175,
        "rate": 0.9722222222222222
      },
      "has_wrong_info": {
        "positive": 13,
        "rate": 0.07222222222222222
      },
      "accuracy": {
        "positive": 167,
        "rate": 0.9277777777777778
      },
      "missing_answers": 0
    },
    "explanation_no_components": {
      "n": 180,
      "recordings": 60,
      "correctness": {
        "positive": 131,
        "rate": 0.7277777777777777
      },
      "has_wrong_info": {
        "positive": 50,
        "rate": 0.2777777777777778
      },
      "accuracy": {
        "positive": 118,
        "rate": 0.6555555555555556
      },
      "missing_answers": 2
    },
    "explanation_trigger_all": {
      "n": 180,
      "recordings": 60,
      "correctness": {
        "positive": 166,
        "rate": 0.9222222222222223
      },
      "has_wrong_info": {
        "positive": 58,
        "rate": 0.32222222222222224
      },
      "accuracy": {
        "positive": 121,
        "rate": 0.6722222222222223
      },
      "missing_answers": 0
    }
  },
  "navigation": {
    "explanation": {
      "n": 54,
      "recordings": 18,
      "correctness": {
        "positive": 54,
        "rate": 1.0
      },
      "has_wrong_info": {
        "positive": 5,
        "rate": 0.09259259259259259
      },
      "accuracy": {
        "positive": 49,
        "rate": 0.9074074074074074
      },
      "missing_answers": 0
    },
    "explanation_no_components": {
      "n": 54,
      "recordings": 18,
      "correctness": {
        "positive": 52,
        "rate": 0.9629629629629629
      },
      "has_wrong_info": {
        "positive": 5,
        "rate": 0.09259259259259259
      },
      "accuracy": {
        "positive": 49,
        "rate": 0.9074074074074074
      },
      "missing_answers": 0
    },
    "explanation_trigger_all": {
      "n": 54,
      "recordings": 18,
      "correctness": {
        "positive": 49,
        "rate": 0.9074074074074074
      },
      "has_wrong_info": {
        "positive": 23,
        "rate": 0.42592592592592593
      },
      "accuracy": {
        "positive": 31,
        "rate": 0.5740740740740741
      },
      "missing_answers": 0
    }
  },
  "majority_mismatches": 0,
  "duplicates": 0
}
