{"job": "dev001-q1-intact-HX-ORIGINAL", "status": "VALID", "answer": "The joystick was in manual mode, so I could not navigate to bring it."}
{"job": "dev001-q1-intact-HX-CONTRACT", "status": "VALID", "answer": "I did not complete navigation before the skill timed out. Manual joystick mode was recorded. These records do not establish the physical cause of the navigation failure."}
{"job": "dev001-q1-irrelevant_removal-HX-ORIGINAL", "status": "VALID", "answer": "The joystick was in manual mode, so I could not bring it."}
{"job": "dev001-q1-intact-HX-PROMPT", "status": "VALID", "answer": "I didn\u2019t bring it because navigation failed: the controller repeatedly reported that it could not make progress, and the skill ended with a recorded timeout. The latest manual indicator was on and charging was off, but I can\u2019t tell what caused the progress failures or whether manual mode affected movement."}
{"job": "dev001-q1-irrelevant_removal-HX-CONTRACT", "status": "VALID", "answer": "I did not complete navigation before the skill timed out. Manual joystick mode was recorded. These records do not establish the physical cause of the navigation failure."}
{"job": "dev001-q1-decisive_removal-HX-ORIGINAL", "status": "VALID", "answer": "I couldn't bring it because I kept getting stuck while following the path."}
{"job": "dev001-q1-irrelevant_removal-HX-PROMPT", "status": "VALID", "answer": "I couldn\u2019t bring it: the controller repeatedly reported that it couldn\u2019t make progress and aborted path following, and navigation reported a timeout. The latest manual indicator was on, but I don\u2019t know whether it affected motion or what caused the progress failures."}
{"job": "dev001-q1-decisive_removal-HX-CONTRACT", "status": "VALID", "answer": "I did not complete navigation before the skill timed out. These records do not establish the physical cause of the navigation failure."}
{"job": "dev001-q1-decisive_removal-HX-PROMPT", "status": "VALID", "answer": "I didn't bring it because navigation failed: the controller repeatedly reported no progress and aborted path following, and the navigation skill reported a timeout. Local and global costmap clears were requested during retries. The records don't show why I couldn't make progress."}
{"job": "dev001-q2-intact-HX-ORIGINAL", "status": "VALID", "answer": "The joystick was in manual mode, so I could not navigate."}
{"job": "dev001-q2-intact-HX-CONTRACT", "status": "VALID", "answer": "I did not complete navigation before the skill timed out. Manual joystick mode was recorded. These records do not establish the physical cause of the navigation failure."}
{"job": "dev001-q2-irrelevant_removal-HX-ORIGINAL", "status": "VALID", "answer": "The joystick was in manual mode, so I could not navigate to complete the task."}
{"job": "dev001-q2-intact-HX-PROMPT", "status": "VALID", "answer": "I couldn\u2019t complete navigation. The controller repeatedly reported failure to make progress and aborted; the navigation skill then reported a timeout. The latest manual indicator was on, but I can\u2019t tell whether it affected motion or what caused the progress failures."}
{"job": "dev001-q2-irrelevant_removal-HX-CONTRACT", "status": "VALID", "answer": "I did not complete navigation before the skill timed out. Manual joystick mode was recorded. These records do not establish the physical cause of the navigation failure."}
{"job": "dev001-q2-decisive_removal-HX-ORIGINAL", "status": "VALID", "answer": "I couldn't complete the task because I repeatedly failed to make progress along the path."}
{"job": "dev001-q2-irrelevant_removal-HX-PROMPT", "status": "VALID", "answer": "I couldn\u2019t complete the task: the controller repeatedly reported failed progress and aborted path following, and the navigation skill reported a timeout. Local and global costmap clears were requested; the latest manual indicator was on and charging was off. The records don\u2019t show why progress failed or whether manual mode affected motion."}
{"job": "dev001-q2-decisive_removal-HX-CONTRACT", "status": "VALID", "answer": "I did not complete navigation before the skill timed out. These records do not establish the physical cause of the navigation failure."}
{"job": "dev001-q3-intact-HX-ORIGINAL", "status": "VALID", "answer": "I could not navigate because the joystick was in manual mode."}
{"job": "dev001-q2-decisive_removal-HX-PROMPT", "status": "VALID", "answer": "I couldn\u2019t complete the task because the controller repeatedly reported that it failed to make progress, even after costmap clearing requests and new paths. The navigation skill reported a timeout; the records do not show why progress failed."}
{"job": "dev001-q3-intact-HX-CONTRACT", "status": "VALID", "answer": "I did not complete navigation before the skill timed out. Manual joystick mode was recorded. These records do not establish the physical cause of the navigation failure."}
{"job": "dev001-q3-irrelevant_removal-HX-ORIGINAL", "status": "VALID", "answer": "The joystick was in manual mode, so I could not navigate."}
{"job": "dev001-q3-intact-HX-PROMPT", "status": "VALID", "answer": "I received a navigation goal and several paths, but the controller repeatedly reported no progress and aborted; local and global costmap clears were requested, and the skill reported a timeout. The latest indicators showed manual mode on and charging off. The cause of the progress failures, including whether manual mode affected motion, remains unknown."}
{"job": "dev001-q3-irrelevant_removal-HX-CONTRACT", "status": "VALID", "answer": "I did not complete navigation before the skill timed out. Manual joystick mode was recorded. These records do not establish the physical cause of the navigation failure."}
{"job": "dev001-q3-decisive_removal-HX-ORIGINAL", "status": "VALID", "answer": "I repeatedly got stuck while following the path and tried clearing my maps to recover."}
{"job": "dev001-q3-irrelevant_removal-HX-PROMPT", "status": "VALID", "answer": "I received a navigation goal and several paths, but the controller reported four progress failures and aborted those attempts; local and global costmap clears were requested. The navigation skill ended with a reported timeout. The last received manual indicator was on, but the evidence does not show why progress failed or whether manual mode affected motion."}
{"job": "dev001-q3-decisive_removal-HX-CONTRACT", "status": "VALID", "answer": "I did not complete navigation before the skill timed out. These records do not establish the physical cause of the navigation failure."}
{"job": "dev001-q3-decisive_removal-HX-PROMPT", "status": "VALID", "answer": "I received a navigation goal, but the controller repeatedly reported failed progress and aborted path following. It cleared the local and global costmaps and received new paths; the navigation skill then reported a timeout. The cause of the progress failures is unknown."}
